// Jest Snapshot v1, https://goo.gl/fbAQLP

exports[`components/Sidebar renders successfully 1`] = `
<body
  style="overflow: hidden; padding-right: 0px;"
>
  <div
    aria-hidden="true"
  />
  <div
    class="MuiDrawer-root MuiDrawer-modal"
    data-testid="sidebar"
    role="presentation"
    style="position: fixed; z-index: 1300; right: 0px; bottom: 0px; top: 0px; left: 0px;"
  >
    <div
      aria-hidden="true"
      class="MuiBackdrop-root"
      style="opacity: 1; webkit-transition: opacity 225ms cubic-bezier(0.4, 0, 0.2, 1) 0ms; transition: opacity 225ms cubic-bezier(0.4, 0, 0.2, 1) 0ms;"
    />
    <div
      data-test="sentinelStart"
      tabindex="0"
    />
    <div
      class="MuiPaper-root MuiPaper-elevation16 MuiDrawer-paper makeStyles-drawer-1 MuiDrawer-paperAnchorLeft"
      role="document"
      tabindex="-1"
    >
      <ul
        class="MuiList-root makeStyles-list-2 MuiList-padding"
      />
    </div>
    <div
      data-test="sentinelEnd"
      tabindex="0"
    />
  </div>
</body>
`;
