// Jest Snapshot v1, https://goo.gl/fbAQLP

exports[`@app/modules/admin/screens/Dashboard renders successfully 1`] = `
<body>
  <div>
    <header
      class="MuiPaper-root MuiPaper-elevation4 MuiAppBar-root MuiAppBar-positionFixed makeStyles-root-4 MuiAppBar-colorPrimary mui-fixed"
    >
      <div
        class="MuiToolbar-root MuiToolbar-regular MuiToolbar-gutters"
      >
        <next-link
          href="/"
        >
          <a
            class=""
            href="/"
            title="Home"
          >
            <img
              alt="Logo"
              class="makeStyles-logo-6"
              src="/static/images/logo.svg"
            />
          </a>
        </next-link>
        <div
          class="makeStyles-flexGrow-5"
        />
        <div>
          <button
            aria-label="notification"
            class="MuiButtonBase-root MuiIconButton-root MuiIconButton-colorInherit"
            tabindex="0"
            type="button"
          >
            <span
              class="MuiIconButton-label"
            >
              <div
                class="MuiAvatar-root makeStyles-icon-53 MuiAvatar-colorDefault"
              >
                EN
              </div>
            </span>
            <span
              class="MuiTouchRipple-root"
            />
          </button>
        </div>
        <button
          aria-label="notification"
          class="MuiButtonBase-root MuiIconButton-root MuiIconButton-colorInherit"
          tabindex="0"
          type="button"
        >
          <span
            class="MuiIconButton-label"
          >
            <span
              class="MuiBadge-root"
            >
              <svg
                aria-hidden="true"
                class="MuiSvgIcon-root"
                focusable="false"
                role="presentation"
                viewBox="0 0 24 24"
              >
                <path
                  d="M12 22c1.1 0 2-.9 2-2h-4c0 1.1.89 2 2 2zm6-6v-5c0-3.07-1.64-5.64-4.5-6.32V4c0-.83-.67-1.5-1.5-1.5s-1.5.67-1.5 1.5v.68C7.63 5.36 6 7.92 6 11v5l-2 2v1h16v-1l-2-2z"
                />
              </svg>
              <span
                class="MuiBadge-badge MuiBadge-anchorOriginTopRightRectangle MuiBadge-colorPrimary MuiBadge-dot"
              />
            </span>
          </span>
          <span
            class="MuiTouchRipple-root"
          />
        </button>
        <button
          aria-label="logout"
          class="MuiButtonBase-root MuiIconButton-root MuiIconButton-colorInherit"
          tabindex="0"
          type="button"
        >
          <span
            class="MuiIconButton-label"
          >
            <svg
              aria-hidden="true"
              class="MuiSvgIcon-root"
              focusable="false"
              role="presentation"
              viewBox="0 0 24 24"
            >
              <path
                d="M21 3.01H3c-1.1 0-2 .9-2 2V9h2V4.99h18v14.03H3V15H1v4.01c0 1.1.9 1.98 2 1.98h18c1.1 0 2-.88 2-1.98v-14c0-1.11-.9-2-2-2zM11 16l4-4-4-4v3H1v2h10v3z"
              />
            </svg>
          </span>
          <span
            class="MuiTouchRipple-root"
          />
        </button>
        <button
          aria-label="menu"
          class="MuiButtonBase-root MuiIconButton-root MuiIconButton-colorInherit"
          data-testid="menu-icon"
          tabindex="0"
          type="button"
        >
          <span
            class="MuiIconButton-label"
          >
            <svg
              aria-hidden="true"
              class="MuiSvgIcon-root"
              focusable="false"
              role="presentation"
              viewBox="0 0 24 24"
            >
              <path
                d="M3 18h18v-2H3v2zm0-5h18v-2H3v2zm0-7v2h18V6H3z"
              />
            </svg>
          </span>
          <span
            class="MuiTouchRipple-root"
          />
        </button>
      </div>
    </header>
    <div
      class="MuiDrawer-root MuiDrawer-docked"
      data-testid="sidebar"
    >
      <div
        class="MuiPaper-root MuiPaper-elevation0 MuiDrawer-paper makeStyles-root-97 MuiDrawer-paperAnchorLeft MuiDrawer-paperAnchorDockedLeft"
      >
        <ul
          class="MuiTreeView-root makeStyles-root-110"
          role="tree"
        >
          <li
            aria-expanded="true"
            class="MuiTreeItem-root makeStyles-rootItem-111 Mui-expanded makeStyles-expanded-114"
            role="treeitem"
            tabindex="-1"
          >
            <div
              class="MuiTreeItem-content makeStyles-content-112"
            >
              <div
                class="MuiTreeItem-iconContainer"
              >
                <svg
                  aria-hidden="true"
                  class="MuiSvgIcon-root"
                  focusable="false"
                  role="presentation"
                  viewBox="0 0 24 24"
                >
                  <path
                    d="M7 10l5 5 5-5z"
                  />
                </svg>
              </div>
              <div
                class="MuiTypography-root MuiTreeItem-label makeStyles-label-115 MuiTypography-body1"
              >
                <div
                  class="makeStyles-labelRoot-116"
                  style="color: rgb(26, 115, 232);"
                >
                  <span
                    class="makeStyles-labelIconContainer-117"
                  >
                    <svg
                      aria-hidden="true"
                      class="MuiSvgIcon-root makeStyles-labelIcon-118"
                      focusable="false"
                      role="presentation"
                      viewBox="0 0 24 24"
                    >
                      <path
                        d="M12 1L3 5v6c0 5.55 3.84 10.74 9 12 5.16-1.26 9-6.45 9-12V5l-9-4zm0 10.99h7c-.53 4.12-3.28 7.79-7 8.94V12H5V6.3l7-3.11v8.8z"
                      />
                    </svg>
                  </span>
                  <p
                    class="MuiTypography-root makeStyles-labelText-119 MuiTypography-body2"
                  >
                    Auth
                  </p>
                </div>
              </div>
            </div>
            <ul
              class="MuiCollapse-container MuiTreeItem-group makeStyles-group-113 MuiCollapse-entered"
              role="group"
              style="min-height: 0px;"
            >
              <div
                class="MuiCollapse-wrapper"
              >
                <div
                  class="MuiCollapse-wrapperInner"
                >
                  <li
                    class="MuiTreeItem-root makeStyles-rootItem-111"
                    role="treeitem"
                    tabindex="-1"
                  >
                    <div
                      class="MuiTreeItem-content makeStyles-content-112"
                    >
                      <div
                        class="MuiTreeItem-iconContainer"
                      >
                        <div
                          class="makeStyles-defaultEndIcon-121"
                        />
                      </div>
                      <div
                        class="MuiTypography-root MuiTreeItem-label makeStyles-label-115 MuiTypography-body1"
                      >
                        <next-link
                          href="/admin/users"
                        >
                          <a
                            class="makeStyles-link-120 makeStyles-labelRoot-116"
                            href="/admin/users"
                            title="Users"
                          >
                            <div
                              class="makeStyles-labelRoot-116"
                              style="color: rgb(26, 115, 232);"
                            >
                              <span
                                class="makeStyles-labelIconContainer-117"
                              >
                                <svg
                                  aria-hidden="true"
                                  class="MuiSvgIcon-root makeStyles-labelIcon-118"
                                  focusable="false"
                                  role="presentation"
                                  viewBox="0 0 24 24"
                                >
                                  <path
                                    d="M12 12c2.21 0 4-1.79 4-4s-1.79-4-4-4-4 1.79-4 4 1.79 4 4 4zm0 2c-2.67 0-8 1.34-8 4v2h16v-2c0-2.66-5.33-4-8-4z"
                                  />
                                </svg>
                              </span>
                              <p
                                class="MuiTypography-root makeStyles-labelText-119 MuiTypography-body2"
                              >
                                Users
                              </p>
                            </div>
                          </a>
                        </next-link>
                      </div>
                    </div>
                  </li>
                  <li
                    class="MuiTreeItem-root makeStyles-rootItem-111"
                    role="treeitem"
                    tabindex="-1"
                  >
                    <div
                      class="MuiTreeItem-content makeStyles-content-112"
                    >
                      <div
                        class="MuiTreeItem-iconContainer"
                      >
                        <div
                          class="makeStyles-defaultEndIcon-121"
                        />
                      </div>
                      <div
                        class="MuiTypography-root MuiTreeItem-label makeStyles-label-115 MuiTypography-body1"
                      >
                        <next-link
                          href="/admin/roles"
                        >
                          <a
                            class="makeStyles-link-120 makeStyles-labelRoot-116"
                            href="/admin/roles"
                            title="Roles"
                          >
                            <div
                              class="makeStyles-labelRoot-116"
                              style="color: rgb(26, 115, 232);"
                            >
                              <span
                                class="makeStyles-labelIconContainer-117"
                              >
                                <svg
                                  aria-hidden="true"
                                  class="MuiSvgIcon-root makeStyles-labelIcon-118"
                                  focusable="false"
                                  role="presentation"
                                  viewBox="0 0 24 24"
                                >
                                  <path
                                    d="M16 11c1.66 0 2.99-1.34 2.99-3S17.66 5 16 5c-1.66 0-3 1.34-3 3s1.34 3 3 3zm-8 0c1.66 0 2.99-1.34 2.99-3S9.66 5 8 5C6.34 5 5 6.34 5 8s1.34 3 3 3zm0 2c-2.33 0-7 1.17-7 3.5V19h14v-2.5c0-2.33-4.67-3.5-7-3.5zm8 0c-.29 0-.62.02-.97.05 1.16.84 1.97 1.97 1.97 3.45V19h6v-2.5c0-2.33-4.67-3.5-7-3.5z"
                                  />
                                </svg>
                              </span>
                              <p
                                class="MuiTypography-root makeStyles-labelText-119 MuiTypography-body2"
                              >
                                Roles
                              </p>
                            </div>
                          </a>
                        </next-link>
                      </div>
                    </div>
                  </li>
                </div>
              </div>
            </ul>
          </li>
          <li
            aria-expanded="true"
            class="MuiTreeItem-root makeStyles-rootItem-111 Mui-expanded makeStyles-expanded-114"
            role="treeitem"
            tabindex="-1"
          >
            <div
              class="MuiTreeItem-content makeStyles-content-112"
            >
              <div
                class="MuiTreeItem-iconContainer"
              >
                <svg
                  aria-hidden="true"
                  class="MuiSvgIcon-root"
                  focusable="false"
                  role="presentation"
                  viewBox="0 0 24 24"
                >
                  <path
                    d="M7 10l5 5 5-5z"
                  />
                </svg>
              </div>
              <div
                class="MuiTypography-root MuiTreeItem-label makeStyles-label-115 MuiTypography-body1"
              >
                <div
                  class="makeStyles-labelRoot-116"
                  style="color: rgb(26, 115, 232);"
                >
                  <span
                    class="makeStyles-labelIconContainer-117"
                  >
                    <svg
                      aria-hidden="true"
                      class="MuiSvgIcon-root makeStyles-labelIcon-118"
                      focusable="false"
                      role="presentation"
                      viewBox="0 0 24 24"
                    >
                      <path
                        d="M11.99 2C6.47 2 2 6.48 2 12s4.47 10 9.99 10C17.52 22 22 17.52 22 12S17.52 2 11.99 2zm6.93 6h-2.95c-.32-1.25-.78-2.45-1.38-3.56 1.84.63 3.37 1.91 4.33 3.56zM12 4.04c.83 1.2 1.48 2.53 1.91 3.96h-3.82c.43-1.43 1.08-2.76 1.91-3.96zM4.26 14C4.1 13.36 4 12.69 4 12s.1-1.36.26-2h3.38c-.08.66-.14 1.32-.14 2 0 .68.06 1.34.14 2H4.26zm.82 2h2.95c.32 1.25.78 2.45 1.38 3.56-1.84-.63-3.37-1.9-4.33-3.56zm2.95-8H5.08c.96-1.66 2.49-2.93 4.33-3.56C8.81 5.55 8.35 6.75 8.03 8zM12 19.96c-.83-1.2-1.48-2.53-1.91-3.96h3.82c-.43 1.43-1.08 2.76-1.91 3.96zM14.34 14H9.66c-.09-.66-.16-1.32-.16-2 0-.68.07-1.35.16-2h4.68c.09.65.16 1.32.16 2 0 .68-.07 1.34-.16 2zm.25 5.56c.6-1.11 1.06-2.31 1.38-3.56h2.95c-.96 1.65-2.49 2.93-4.33 3.56zM16.36 14c.08-.66.14-1.32.14-2 0-.68-.06-1.34-.14-2h3.38c.16.64.26 1.31.26 2s-.1 1.36-.26 2h-3.38z"
                      />
                    </svg>
                  </span>
                  <p
                    class="MuiTypography-root makeStyles-labelText-119 MuiTypography-body2"
                  >
                    Public Website
                  </p>
                </div>
              </div>
            </div>
            <ul
              class="MuiCollapse-container MuiTreeItem-group makeStyles-group-113 MuiCollapse-entered"
              role="group"
              style="min-height: 0px;"
            >
              <div
                class="MuiCollapse-wrapper"
              >
                <div
                  class="MuiCollapse-wrapperInner"
                >
                  <li
                    class="MuiTreeItem-root makeStyles-rootItem-111"
                    role="treeitem"
                    tabindex="-1"
                  >
                    <div
                      class="MuiTreeItem-content makeStyles-content-112"
                    >
                      <div
                        class="MuiTreeItem-iconContainer"
                      >
                        <div
                          class="makeStyles-defaultEndIcon-121"
                        />
                      </div>
                      <div
                        class="MuiTypography-root MuiTreeItem-label makeStyles-label-115 MuiTypography-body1"
                      >
                        <next-link
                          href="/admin/blogs"
                        >
                          <a
                            class="makeStyles-link-120 makeStyles-labelRoot-116"
                            href="/admin/blogs"
                            title="Blogs"
                          >
                            <div
                              class="makeStyles-labelRoot-116"
                              style="color: rgb(26, 115, 232);"
                            >
                              <span
                                class="makeStyles-labelIconContainer-117"
                              >
                                <svg
                                  aria-hidden="true"
                                  class="MuiSvgIcon-root makeStyles-labelIcon-118"
                                  focusable="false"
                                  role="presentation"
                                  viewBox="0 0 24 24"
                                >
                                  <path
                                    d="M21 5c-1.11-.35-2.33-.5-3.5-.5-1.95 0-4.05.4-5.5 1.5-1.45-1.1-3.55-1.5-5.5-1.5S2.45 4.9 1 6v14.65c0 .25.25.5.5.5.1 0 .15-.05.25-.05C3.1 20.45 5.05 20 6.5 20c1.95 0 4.05.4 5.5 1.5 1.35-.85 3.8-1.5 5.5-1.5 1.65 0 3.35.3 4.75 1.05.1.05.15.05.25.05.25 0 .5-.25.5-.5V6c-.6-.45-1.25-.75-2-1zm0 13.5c-1.1-.35-2.3-.5-3.5-.5-1.7 0-4.15.65-5.5 1.5V8c1.35-.85 3.8-1.5 5.5-1.5 1.2 0 2.4.15 3.5.5v11.5z"
                                  />
                                  <path
                                    d="M17.5 10.5c.88 0 1.73.09 2.5.26V9.24c-.79-.15-1.64-.24-2.5-.24-1.7 0-3.24.29-4.5.83v1.66c1.13-.64 2.7-.99 4.5-.99zM13 12.49v1.66c1.13-.64 2.7-.99 4.5-.99.88 0 1.73.09 2.5.26V11.9c-.79-.15-1.64-.24-2.5-.24-1.7 0-3.24.3-4.5.83zM17.5 14.33c-1.7 0-3.24.29-4.5.83v1.66c1.13-.64 2.7-.99 4.5-.99.88 0 1.73.09 2.5.26v-1.52c-.79-.16-1.64-.24-2.5-.24z"
                                  />
                                </svg>
                              </span>
                              <p
                                class="MuiTypography-root makeStyles-labelText-119 MuiTypography-body2"
                              >
                                Blogs
                              </p>
                            </div>
                          </a>
                        </next-link>
                      </div>
                    </div>
                  </li>
                </div>
              </div>
            </ul>
          </li>
        </ul>
        <footer
          class="makeStyles-root-164"
        >
          <p
            class="MuiTypography-root MuiTypography-body1"
          >
            © 
            <next-link
              href="/"
            >
              <a
                class=""
                href="/"
              >
                Thinh Tran
              </a>
            </next-link>
             
            2019
          </p>
          <span
            class="MuiTypography-root MuiTypography-caption"
          >
            admin_common.createdWithLove
          </span>
        </footer>
      </div>
    </div>
    <div
      class="makeStyles-container-2"
    >
      <main
        class="makeStyles-main-3"
      >
        <h1
          class="makeStyles-header-1"
        >
          Dashboard
        </h1>
      </main>
    </div>
  </div>
  <div
    aria-hidden="true"
    class="MuiPopover-root"
    id="simple-menu"
    role="presentation"
    style="position: fixed; z-index: 1300; right: 0px; bottom: 0px; top: 0px; left: 0px; visibility: hidden;"
  >
    <div
      data-test="sentinelStart"
      tabindex="0"
    />
    <div
      class="MuiPaper-root MuiMenu-paper MuiPaper-elevation8 MuiPopover-paper MuiPaper-rounded"
      style="opacity: 0; transform: scale(0.75, 0.5625); visibility: hidden;"
      tabindex="-1"
    >
      <ul
        class="MuiList-root MuiMenu-list MuiList-padding"
        role="menu"
        tabindex="-1"
      >
        <li
          aria-disabled="false"
          class="MuiButtonBase-root MuiListItem-root MuiMenuItem-root MuiMenuItem-gutters MuiListItem-gutters MuiListItem-button"
          role="menuitem"
          tabindex="0"
        >
          English
          <span
            class="MuiTouchRipple-root"
          />
        </li>
        <li
          aria-disabled="false"
          class="MuiButtonBase-root MuiListItem-root MuiMenuItem-root MuiMenuItem-gutters MuiListItem-gutters MuiListItem-button"
          role="menuitem"
          tabindex="-1"
        >
          Tiếng Việt
          <span
            class="MuiTouchRipple-root"
          />
        </li>
      </ul>
    </div>
    <div
      data-test="sentinelEnd"
      tabindex="0"
    />
  </div>
</body>
`;
