// Jest Snapshot v1, https://goo.gl/fbAQLP

exports[`@app/modules/blogs/screens/Blogs/components/Categories renders successfully 1`] = `
<body>
  <div>
    <div
      class="makeStyles-categoriesContainer-1"
    >
      <div
        class="MuiGrid-root MuiGrid-container MuiGrid-spacing-xs-2"
      >
        <div
          class="MuiGrid-root MuiGrid-item MuiGrid-grid-xs-12 MuiGrid-grid-lg-6"
        >
          <div
            class="MuiGrid-root MuiGrid-container MuiGrid-spacing-xs-2"
          >
            <div
              class="MuiGrid-root MuiGrid-item MuiGrid-grid-xs-12"
            >
              <div
                class="MuiPaper-root MuiPaper-elevation1 MuiCard-root makeStyles-card-2 MuiPaper-rounded"
              >
                <div>
                  <h2
                    class="makeStyles-categoriesTitle-3"
                  >
                    // This impressive paella
                  </h2>
                  <p
                    class="makeStyles-categoriesDescription-4"
                  >
                    Vivamus magna justo, lacinia eget consectetur sed, convallis at tellus. Vestibulum ac diam sit amet quam vehicula elementum sed sit amet dui
                  </p>
                </div>
                <div
                  class="makeStyles-categoriesButtonContainer-5"
                >
                  <button
                    class="MuiButtonBase-root MuiButton-root MuiButton-contained MuiButton-containedPrimary"
                    tabindex="0"
                    type="button"
                  >
                    <span
                      class="MuiButton-label"
                    >
                      Explore
                    </span>
                    <span
                      class="MuiTouchRipple-root"
                    />
                  </button>
                </div>
              </div>
            </div>
            <div
              class="MuiGrid-root MuiGrid-item MuiGrid-grid-xs-12"
            >
              <div
                class="MuiPaper-root MuiPaper-elevation1 MuiCard-root makeStyles-card2-6 MuiPaper-rounded"
              >
                <div>
                  <h2
                    class="makeStyles-categoriesTitle-3"
                  >
                    // This impressive paella
                  </h2>
                  <p
                    class="makeStyles-categoriesDescription-4"
                  >
                    Vivamus magna justo, lacinia eget consectetur sed, convallis at tellus. Vestibulum ac diam sit amet quam vehicula elementum sed sit amet dui
                  </p>
                </div>
                <div
                  class="makeStyles-categoriesButtonContainer-5"
                >
                  <button
                    class="MuiButtonBase-root MuiButton-root MuiButton-contained MuiButton-containedPrimary"
                    tabindex="0"
                    type="button"
                  >
                    <span
                      class="MuiButton-label"
                    >
                      Explore
                    </span>
                    <span
                      class="MuiTouchRipple-root"
                    />
                  </button>
                </div>
              </div>
            </div>
          </div>
        </div>
        <div
          class="MuiGrid-root MuiGrid-item MuiGrid-grid-xs-12 MuiGrid-grid-lg-3"
        >
          <div
            class="MuiPaper-root MuiPaper-elevation1 MuiCard-root makeStyles-card3-7 MuiPaper-rounded"
          >
            <div>
              <h2
                class="makeStyles-categoriesTitle-3"
              >
                // This impressive paella
              </h2>
              <p
                class="makeStyles-categoriesDescription-4"
              >
                Vivamus magna justo, lacinia eget consectetur sed, convallis at tellus. Vestibulum ac diam sit amet quam vehicula elementum sed sit amet dui
              </p>
            </div>
            <div
              class="makeStyles-categoriesButtonContainer-5"
            >
              <button
                class="MuiButtonBase-root MuiButton-root MuiButton-contained MuiButton-containedPrimary"
                tabindex="0"
                type="button"
              >
                <span
                  class="MuiButton-label"
                >
                  Explore
                </span>
                <span
                  class="MuiTouchRipple-root"
                />
              </button>
            </div>
          </div>
        </div>
        <div
          class="MuiGrid-root MuiGrid-item MuiGrid-grid-xs-12 MuiGrid-grid-lg-3"
        >
          <div
            class="MuiPaper-root MuiPaper-elevation1 MuiCard-root makeStyles-card4-8 MuiPaper-rounded"
          >
            <div>
              <h2
                class="makeStyles-categoriesTitle-3"
              >
                // This impressive paella
              </h2>
              <p
                class="makeStyles-categoriesDescription-4"
              >
                Vivamus magna justo, lacinia eget consectetur sed, convallis at tellus. Vestibulum ac diam sit amet quam vehicula elementum sed sit amet dui
              </p>
            </div>
            <div
              class="makeStyles-categoriesButtonContainer-5"
            >
              <button
                class="MuiButtonBase-root MuiButton-root MuiButton-contained MuiButton-containedPrimary"
                tabindex="0"
                type="button"
              >
                <span
                  class="MuiButton-label"
                >
                  Explore
                </span>
                <span
                  class="MuiTouchRipple-root"
                />
              </button>
            </div>
          </div>
        </div>
      </div>
    </div>
  </div>
</body>
`;
