// Jest Snapshot v1, https://goo.gl/fbAQLP

exports[`@app/modules/AdminBlogs/screens/AdminBlogs renders successfully 1`] = `
<body>
  <div>
    <div
      class="makeStyles-container-1"
    >
      <div
        class="MuiCircularProgress-root MuiCircularProgress-colorPrimary MuiCircularProgress-indeterminate"
        role="progressbar"
        style="width: 40px; height: 40px;"
      >
        <svg
          class="MuiCircularProgress-svg"
          viewBox="22 22 44 44"
        >
          <circle
            class="MuiCircularProgress-circle MuiCircularProgress-circleIndeterminate"
            cx="44"
            cy="44"
            fill="none"
            r="20.2"
            stroke-width="3.6"
          />
        </svg>
      </div>
    </div>
  </div>
</body>
`;
